{"pools": [{"loadBalancingMode": "round-robin", "name": "server-app4_8080", "members": [{"ratio": 1, "state": "user-up", "rateLimit": 0, "session": "user-enabled", "priorityGroup": 0, "connectionLimit": 0, "address": "10.141.141.10", "port": 31365}, {"ratio": 1, "state": "user-up", "rateLimit": 0, "session": "user-enabled", "priorityGroup": 0, "connectionLimit": 0, "address": "10.141.141.10", "port": 31388}], "monitors": ["/mesos/server-app4_8080_http"]}, {"loadBalancingMode": "round-robin", "name": "server-app4_8090", "members": [{"ratio": 1, "state": "user-up", "rateLimit": 0, "session": "user-enabled", "priorityGroup": 0, "connectionLimit": 0, "address": "10.141.141.10", "port": 31366}, {"ratio": 1, "state": "user-up", "rateLimit": 0, "session": "user-enabled", "priorityGroup": 0, "connectionLimit": 0, "address": "10.141.141.10", "port": 31389}], "monitors": ["/mesos/server-app4_8090_http"]}, {"loadBalancingMode": "round-robin", "name": "server-app4_10003", "members": [{"ratio": 1, "state": "user-up", "rateLimit": 0, "session": "user-enabled", "priorityGroup": 0, "connectionLimit": 0, "address": "10.141.141.10", "port": 31367}, {"ratio": 1, "state": "user-up", "rateLimit": 0, "session": "user-enabled", "priorityGroup": 0, "connectionLimit": 0, "address": "10.141.141.10", "port": 31390}], "monitors": ["/mesos/server-app4_10003_http"]}], "iapps": [], "l7Policies": [], "virtualServers": [{"profiles": [{"partition": "Common", "name": "http"}, {"partition": "Common", "name": "tcp"}], "destination": "/mesos/10.128.10.240:8080", "sourceAddressTranslation": {"type": "automap"}, "name": "server-app4_8080", "connectionLimit": 0, "ipProtocol": "tcp", "enabled": true, "pool": "/mesos/server-app4_8080"}, {"profiles": [{"partition": "Common", "name": "http"}, {"partition": "Common", "name": "tcp"}], "destination": "/mesos/10.128.10.242:8090", "sourceAddressTranslation": {"type": "automap"}, "name": "server-app4_8090", "connectionLimit": 0, "ipProtocol": "tcp", "enabled": true, "pool": "/mesos/server-app4_8090"}], "monitors": [{"portIndex": 0, "protocol": "HTTP", "name": "server-app4_8080_http", "timeoutSeconds": 20, "interval": 20, "intervalSeconds": 20, "ignoreHttp1xx": false, "gracePeriodSeconds": 5, "timeout": 61, "maxConsecutiveFailures": 3, "path": "/", "type": "http"}, {"portIndex": 1, "protocol": "HTTP", "name": "server-app4_8090_http", "timeoutSeconds": 20, "interval": 20, "intervalSeconds": 20, "ignoreHttp1xx": false, "gracePeriodSeconds": 5, "timeout": 61, "maxConsecutiveFailures": 3, "path": "/", "type": "http"}, {"portIndex": 2, "protocol": "HTTP", "name": "server-app4_10003_http", "timeoutSeconds": 20, "interval": 20, "intervalSeconds": 20, "ignoreHttp1xx": false, "gracePeriodSeconds": 5, "timeout": 61, "maxConsecutiveFailures": 3, "path": "/", "type": "http"}]}
