{"pools": [{"loadBalancingMode": "round-robin", "name": "server-app_10001", "members": [{"ratio": 1, "state": "user-up", "rateLimit": 0, "session": "user-enabled", "priorityGroup": 0, "connectionLimit": 0, "address": "10.141.141.10", "port": 31132}, {"ratio": 1, "state": "user-up", "rateLimit": 0, "session": "user-enabled", "priorityGroup": 0, "connectionLimit": 0, "address": "10.141.141.10", "port": 31615}, {"ratio": 1, "state": "user-up", "rateLimit": 0, "session": "user-enabled", "priorityGroup": 0, "connectionLimit": 0, "address": "10.141.141.10", "port": 31972}, {"ratio": 1, "state": "user-up", "rateLimit": 0, "session": "user-enabled", "priorityGroup": 0, "connectionLimit": 0, "address": "10.141.141.10", "port": 31982}], "monitors": ["/mesos/server-app_10001_http"]}], "iapps": [], "l7Policies": [], "virtualServers": [{"profiles": [{"partition": "Common", "name": "http"}, {"partition": "Common", "name": "tcp"}], "destination": "/mesos/10.128.10.240:10001", "sourceAddressTranslation": {"type": "automap"}, "name": "server-app_10001", "connectionLimit": 0, "ipProtocol": "tcp", "enabled": true, "pool": "/mesos/server-app_10001"}], "monitors": [{"portIndex": 0, "protocol": "HTTP", "name": "server-app_10001_http", "timeoutSeconds": 20, "interval": 20, "intervalSeconds": 20, "ignoreHttp1xx": false, "gracePeriodSeconds": 5, "timeout": 61, "maxConsecutiveFailures": 3, "path": "/", "type": "http"}]}
