{"pools": [{"loadBalancingMode": "round-robin", "name": "server-app_80", "members": [{"ratio": 1, "state": "user-up", "rateLimit": 0, "session": "user-enabled", "priorityGroup": 0, "connectionLimit": 0, "address": "10.141.141.10", "port": 31132}, {"ratio": 1, "state": "user-up", "rateLimit": 0, "session": "user-enabled", "priorityGroup": 0, "connectionLimit": 0, "address": "10.141.141.10", "port": 31615}, {"ratio": 1, "state": "user-up", "rateLimit": 0, "session": "user-enabled", "priorityGroup": 0, "connectionLimit": 0, "address": "10.141.141.10", "port": 31972}, {"ratio": 1, "state": "user-up", "rateLimit": 0, "session": "user-enabled", "priorityGroup": 0, "connectionLimit": 0, "address": "10.141.141.10", "port": 31982}], "monitors": ["/mesos/server-app_80_http"]}, {"loadBalancingMode": "round-robin", "name": "server-app3_8089", "members": [{"ratio": 1, "state": "user-up", "rateLimit": 0, "session": "user-enabled", "priorityGroup": 0, "connectionLimit": 0, "address": "10.141.141.10", "port": 31356}, {"ratio": 1, "state": "user-up", "rateLimit": 0, "session": "user-enabled", "priorityGroup": 0, "connectionLimit": 0, "address": "10.141.141.10", "port": 31627}], "monitors": []}], "iapps": [], "l7Policies": [], "virtualServers": [{"profiles": [{"partition": "Common", "name": "http"}, {"partition": "Common", "name": "tcp"}], "destination": "/mesos/10.128.10.240:80", "sourceAddressTranslation": {"type": "automap"}, "name": "server-app_80", "connectionLimit": 0, "ipProtocol": "tcp", "enabled": true, "pool": "/mesos/server-app_80"}, {"profiles": [{"partition": "Common", "name": "http"}, {"partition": "Common", "name": "tcp"}], "destination": "/mesos/10.128.10.240:8089", "sourceAddressTranslation": {"type": "automap"}, "name": "server-app3_8089", "connectionLimit": 0, "ipProtocol": "tcp", "enabled": true, "pool": "/mesos/server-app3_8089"}], "monitors": [{"portIndex": 0, "protocol": "HTTP", "name": "server-app_80_http", "timeoutSeconds": 20, "interval": 20, "intervalSeconds": 20, "ignoreHttp1xx": false, "gracePeriodSeconds": 5, "timeout": 61, "maxConsecutiveFailures": 3, "path": "/", "type": "http"}]}
