{"pools": [], "iapps": [], "l7Policies": [], "virtualServers": [], "monitors": []}
