{"pools": [{"loadBalancingMode": "round-robin", "name": "server-app_80", "members": [], "monitors": ["/mesos/server-app_80_http"]}], "iapps": [], "l7Policies": [], "virtualServers": [{"profiles": [{"partition": "Common", "name": "http"}, {"partition": "Common", "name": "tcp"}], "destination": "/mesos/10.128.10.240:80", "sourceAddressTranslation": {"type": "automap"}, "name": "server-app_80", "connectionLimit": 0, "ipProtocol": "tcp", "enabled": true, "pool": "/mesos/server-app_80"}], "monitors": [{"portIndex": 0, "protocol": "HTTP", "name": "server-app_80_http", "timeoutSeconds": 20, "interval": 10, "intervalSeconds": 10, "ignoreHttp1xx": false, "gracePeriodSeconds": 5, "timeout": 21, "maxConsecutiveFailures": 1, "path": "/my_healthcheck", "type": "http"}]}
